============================= test session starts =============================
platform win32 -- Python 3.11.5, pytest-9.0.2, pluggy-1.6.0
rootdir: C:\Users\fidha\OneDrive\Desktop\DermaAura
plugins: anyio-4.9.0
collected 7 items

test_ai_scanner.py FFFFEEE                                               [100%]

=================================== ERRORS ====================================
______ ERROR at setup of test_analyze_and_home_pages_keep_skin_quiz_flow ______

    @pytest.fixture(scope='session')
    def app():
        """Create a single Flask app for the entire test session.
    
        The routes module registers its handlers on import-time using the global
        ``app`` object. When `create_app` is invoked repeatedly (once per test),
        subsequent Flask instances never receive those routes, resulting in 404s.
        By scoping the fixture to the session we only construct the app once, and
        every test reuses the same URL map.  The database is still reset between
        tests via the ``client`` fixture below.
        """
        import tempfile
    
        # Create a temporary database file for the session
        db_file = tempfile.NamedTemporaryFile(suffix=".db", delete=False)
        db_path = db_file.name
        db_file.close()
    
        os.environ['DERMAURA_TEST_DB'] = 'sqlite:///' + db_path
    
        from app import create_app
>       test_app = create_app()
                   ^^^^^^^^^^^^

conftest.py:30: 
_ _ _ _ _ _ _ _ _ _ _ _ _ _ _ _ _ _ _ _ _ _ _ _ _ _ _ _ _ _ _ _ _ _ _ _ _ _ _ _

    def create_app():
        """Application factory: creates and configures the Flask app."""
        global app
        app = Flask(__name__)
    
        # Database configuration
        basedir = os.path.abspath(os.path.dirname(__file__))
        db_path = os.path.join(basedir, '..', 'instance', 'dermaura.db')
        app.config['SQLALCHEMY_DATABASE_URI'] = os.environ.get(
            'DERMAURA_TEST_DB',
            'sqlite:///' + db_path,
        )
        app.config['SQLALCHEMY_TRACK_MODIFICATIONS'] = False
    
        # Ensure instance folder exists
        instance_dir = os.path.join(basedir, '..', 'instance')
        os.makedirs(instance_dir, exist_ok=True)
    
        # Initialize extensions
        db.init_app(app)
    
        # Basic config and uploads folder
        app.secret_key = os.environ.get('SECRET_KEY', 'dev_secret_key')
        app.config.setdefault('UPLOAD_FOLDER', os.path.join(basedir, 'static', 'uploads'))
        os.makedirs(app.config['UPLOAD_FOLDER'], exist_ok=True)
    
        # Import routes to register view functions
        with app.app_context():
>           from app import routes  # noqa: F401
            ^^^^^^^^^^^^^^^^^^^^^^
E             File "C:\Users\fidha\OneDrive\Desktop\DermaAura\app\routes.py", line 685
E               @app.route('/payment/success')
E               ^
E           IndentationError: expected an indented block after function definition on line 682

app\__init__.py:40: IndentationError
______ ERROR at setup of test_skin_scanner_recommends_oily_acne_products ______

    @pytest.fixture(scope='session')
    def app():
        """Create a single Flask app for the entire test session.
    
        The routes module registers its handlers on import-time using the global
        ``app`` object. When `create_app` is invoked repeatedly (once per test),
        subsequent Flask instances never receive those routes, resulting in 404s.
        By scoping the fixture to the session we only construct the app once, and
        every test reuses the same URL map.  The database is still reset between
        tests via the ``client`` fixture below.
        """
        import tempfile
    
        # Create a temporary database file for the session
        db_file = tempfile.NamedTemporaryFile(suffix=".db", delete=False)
        db_path = db_file.name
        db_file.close()
    
        os.environ['DERMAURA_TEST_DB'] = 'sqlite:///' + db_path
    
        from app import create_app
>       test_app = create_app()
                   ^^^^^^^^^^^^

conftest.py:30: 
_ _ _ _ _ _ _ _ _ _ _ _ _ _ _ _ _ _ _ _ _ _ _ _ _ _ _ _ _ _ _ _ _ _ _ _ _ _ _ _

    def create_app():
        """Application factory: creates and configures the Flask app."""
        global app
        app = Flask(__name__)
    
        # Database configuration
        basedir = os.path.abspath(os.path.dirname(__file__))
        db_path = os.path.join(basedir, '..', 'instance', 'dermaura.db')
        app.config['SQLALCHEMY_DATABASE_URI'] = os.environ.get(
            'DERMAURA_TEST_DB',
            'sqlite:///' + db_path,
        )
        app.config['SQLALCHEMY_TRACK_MODIFICATIONS'] = False
    
        # Ensure instance folder exists
        instance_dir = os.path.join(basedir, '..', 'instance')
        os.makedirs(instance_dir, exist_ok=True)
    
        # Initialize extensions
        db.init_app(app)
    
        # Basic config and uploads folder
        app.secret_key = os.environ.get('SECRET_KEY', 'dev_secret_key')
        app.config.setdefault('UPLOAD_FOLDER', os.path.join(basedir, 'static', 'uploads'))
        os.makedirs(app.config['UPLOAD_FOLDER'], exist_ok=True)
    
        # Import routes to register view functions
        with app.app_context():
>           from app import routes  # noqa: F401
            ^^^^^^^^^^^^^^^^^^^^^^
E             File "C:\Users\fidha\OneDrive\Desktop\DermaAura\app\routes.py", line 685
E               @app.route('/payment/success')
E               ^
E           IndentationError: expected an indented block after function definition on line 682

app\__init__.py:40: IndentationError
_________ ERROR at setup of test_upload_photo_path_works_for_analysis _________

    @pytest.fixture(scope='session')
    def app():
        """Create a single Flask app for the entire test session.
    
        The routes module registers its handlers on import-time using the global
        ``app`` object. When `create_app` is invoked repeatedly (once per test),
        subsequent Flask instances never receive those routes, resulting in 404s.
        By scoping the fixture to the session we only construct the app once, and
        every test reuses the same URL map.  The database is still reset between
        tests via the ``client`` fixture below.
        """
        import tempfile
    
        # Create a temporary database file for the session
        db_file = tempfile.NamedTemporaryFile(suffix=".db", delete=False)
        db_path = db_file.name
        db_file.close()
    
        os.environ['DERMAURA_TEST_DB'] = 'sqlite:///' + db_path
    
        from app import create_app
>       test_app = create_app()
                   ^^^^^^^^^^^^

conftest.py:30: 
_ _ _ _ _ _ _ _ _ _ _ _ _ _ _ _ _ _ _ _ _ _ _ _ _ _ _ _ _ _ _ _ _ _ _ _ _ _ _ _

    def create_app():
        """Application factory: creates and configures the Flask app."""
        global app
        app = Flask(__name__)
    
        # Database configuration
        basedir = os.path.abspath(os.path.dirname(__file__))
        db_path = os.path.join(basedir, '..', 'instance', 'dermaura.db')
        app.config['SQLALCHEMY_DATABASE_URI'] = os.environ.get(
            'DERMAURA_TEST_DB',
            'sqlite:///' + db_path,
        )
        app.config['SQLALCHEMY_TRACK_MODIFICATIONS'] = False
    
        # Ensure instance folder exists
        instance_dir = os.path.join(basedir, '..', 'instance')
        os.makedirs(instance_dir, exist_ok=True)
    
        # Initialize extensions
        db.init_app(app)
    
        # Basic config and uploads folder
        app.secret_key = os.environ.get('SECRET_KEY', 'dev_secret_key')
        app.config.setdefault('UPLOAD_FOLDER', os.path.join(basedir, 'static', 'uploads'))
        os.makedirs(app.config['UPLOAD_FOLDER'], exist_ok=True)
    
        # Import routes to register view functions
        with app.app_context():
>           from app import routes  # noqa: F401
            ^^^^^^^^^^^^^^^^^^^^^^
E             File "C:\Users\fidha\OneDrive\Desktop\DermaAura\app\routes.py", line 685
E               @app.route('/payment/success')
E               ^
E           IndentationError: expected an indented block after function definition on line 682

app\__init__.py:40: IndentationError
================================== FAILURES ===================================
____________ test_final_skin_label_scoring_prefers_oily_acne_prone ____________

    def test_final_skin_label_scoring_prefers_oily_acne_prone():
>       from app import routes
E         File "C:\Users\fidha\OneDrive\Desktop\DermaAura\app\routes.py", line 685
E           @app.route('/payment/success')
E           ^
E       IndentationError: expected an indented block after function definition on line 682

test_ai_scanner.py:19: IndentationError
______________ test_decode_image_payload_supports_burst_capture _______________

    def test_decode_image_payload_supports_burst_capture():
>       from app import routes
E         File "C:\Users\fidha\OneDrive\Desktop\DermaAura\app\routes.py", line 685
E           @app.route('/payment/success')
E           ^
E       IndentationError: expected an indented block after function definition on line 682

test_ai_scanner.py:43: IndentationError
________________ test_merge_prediction_results_averages_frames ________________

    def test_merge_prediction_results_averages_frames():
>       from app import routes
E         File "C:\Users\fidha\OneDrive\Desktop\DermaAura\app\routes.py", line 685
E           @app.route('/payment/success')
E           ^
E       IndentationError: expected an indented block after function definition on line 682

test_ai_scanner.py:54: IndentationError
_____________ test_combination_path_uses_quiz_and_visual_balance ______________

    def test_combination_path_uses_quiz_and_visual_balance():
>       from app import routes
E         File "C:\Users\fidha\OneDrive\Desktop\DermaAura\app\routes.py", line 685
E           @app.route('/payment/success')
E           ^
E       IndentationError: expected an indented block after function definition on line 682

test_ai_scanner.py:77: IndentationError
=========================== short test summary info ===========================
FAILED test_ai_scanner.py::test_final_skin_label_scoring_prefers_oily_acne_prone
FAILED test_ai_scanner.py::test_decode_image_payload_supports_burst_capture
FAILED test_ai_scanner.py::test_merge_prediction_results_averages_frames -   ...
FAILED test_ai_scanner.py::test_combination_path_uses_quiz_and_visual_balance
ERROR test_ai_scanner.py::test_analyze_and_home_pages_keep_skin_quiz_flow -  ...
ERROR test_ai_scanner.py::test_skin_scanner_recommends_oily_acne_products -  ...
ERROR test_ai_scanner.py::test_upload_photo_path_works_for_analysis -   File ...
========================= 4 failed, 3 errors in 0.66s =========================
